// Jest Snapshot v1, https://goo.gl/fbAQLP

exports[`example statement 1`] = `
"Statement for BigCo
 Hamlet: $650.00 (55 seats)
 As You Like It: $580.00 (35 seats)
 Othello: $500.00 (40 seats)
Amount owed is $1,730.00
You earned 47 credits
"
`;

exports[`generates html statement 1`] = `
"<div>
 <h1>Statement for BigCo</h1>
 <b>Hamlet:</b> $650.00 (55 seats)<br>
 <b>As You Like It:</b> $580.00 (35 seats)<br>
 <b>Othello:</b> $500.00 (40 seats)<br>
Amount owed is $1,730.00<br>
You earned 47 credits
</div>"
`;
