// Jest Snapshot v1, https://goo.gl/fbAQLP

exports[`example html statement 1`] = `
"<h1>Statement for BigCo</h1>
 <table>
 <th><td>Play</td><td>Cost</td><td>Seats</td></th>
 <tr><td>Hamlet</td><td>$650.00</td><td>55 seats</td></tr>
 <tr><td>As You Like It</td><td>$580.00</td><td>35 seats</td></tr>
 <tr><td>Othello</td><td>$500.00</td><td>40 seats</td></tr>
 </table>
<p>Amount owed is $1,730.00</p>
<p>You earned 47 credits</p>
"
`;

exports[`example statement 1`] = `
"Statement for BigCo
 Hamlet: $650.00 (55 seats)
 As You Like It: $580.00 (35 seats)
 Othello: $500.00 (40 seats)
Amount owed is $1,730.00
You earned 47 credits
"
`;

exports[`html statement with new play types 1`] = `
"<h1>Statement for BigCoII</h1>
 <table>
 <th><td>Play</td><td>Cost</td><td>Seats</td></th>
 <tr><td>Henry V</td><td>$960.00</td><td>53 seats</td></tr>
 <tr><td>As You Like It</td><td>$245.00</td><td>55 seats</td></tr>
 </table>
<p>Amount owed is $1,205.00</p>
<p>You earned 118 credits</p>
"
`;

exports[`statement with new play types 1`] = `
"Statement for BigCoII
 Henry V: $960.00 (53 seats)
 As You Like It: $245.00 (55 seats)
Amount owed is $1,205.00
You earned 118 credits
"
`;
